* using log directory ‘/__w/Gtheory4LLM/Gtheory4LLM/frozen-nold-qualification-evidence/check/Gtheory4LLM.Rcheck’
* using R Under development (unstable) (2026-10-03 r90638)
* using platform: x86_64-pc-linux-gnu
* R was compiled by
    gcc (Ubuntu 11.4.0-1ubuntu1~22.04.3) 11.4.0
    GNU Fortran (Ubuntu 11.4.0-1ubuntu1~22.04.3) 11.4.0
* running under: Ubuntu 22.04.5 LTS
* using session charset: UTF-8
* current time: 2026-10-08 15:04:36 UTC
* using option ‘--no-stop-on-test-error’
* checking for file ‘Gtheory4LLM/DESCRIPTION’ ... OK
* checking extension type ... Package
* this is package ‘Gtheory4LLM’ version ‘0.4.1’
* package encoding: UTF-8
* checking package namespace information ... OK
* checking package dependencies ... OK
* checking if this is a source package ... OK
* checking if there is a namespace ... OK
* checking for .dll and .exe files ... OK
* checking for hidden files and directories ... OK
* checking for portable file names ... OK
* checking for sufficient/correct file permissions ... OK
* checking whether package ‘Gtheory4LLM’ can be installed ... OK
* checking installed package size ... OK
* checking package directory ... OK
* checking ‘build’ directory ... OK
* checking DESCRIPTION meta-information ... OK
* checking top-level files ... OK
* checking for left-over files ... OK
* checking index information ... OK
* checking package subdirectories ... OK
* checking code files for non-ASCII characters ... OK
* checking R files for syntax errors ... OK
* checking whether the package can be loaded ... OK
* checking whether the package can be loaded with stated dependencies ... OK
* checking whether the package can be unloaded cleanly ... OK
* checking whether the namespace can be loaded with stated dependencies ... OK
* checking whether the namespace can be unloaded cleanly ... OK
* checking loading without being on the library search path ... OK
* checking dependencies in R code ... OK
* checking S3 generic/method consistency ... OK
* checking replacement functions ... OK
* checking foreign function calls ... OK
* checking R code for possible problems ... OK
* checking Rd files ... OK
* checking Rd metadata ... OK
* checking Rd cross-references ... OK
* checking for missing documentation entries ... OK
* checking for code/documentation mismatches ... OK
* checking Rd \usage sections ... OK
* checking Rd contents ... OK
* checking for unstated dependencies in examples ... OK
* checking installed files from ‘inst/doc’ ... OK
* checking files in ‘vignettes’ ... OK
* checking examples ... OK
* checking for unstated dependencies in ‘tests’ ... OK
* checking tests ... OK
  Running ‘package-analysis-report.R’
  Running ‘package-argument-parity.R’
  Running ‘package-batch.R’
  Running ‘package-binary-probabilities.R’
  Running ‘package-characterization.R’
  Running ‘package-dense-memory-guard.R’
  Running ‘package-discrete-backend.R’
  Running ‘package-discrete-controls.R’
  Running ‘package-discrete-safety.R’
  Running ‘package-fuzz-inputs.R’
  Running ‘package-gaussian-starts.R’
  Running ‘package-installed-examples.R’
  Running ‘package-mixed-model.R’
  Running ‘package-nested-designs.R’
  Running ‘package-outcome-profile.R’
  Running ‘package-preflight.R’
  Running ‘package-properties.R’
  Running ‘package-reporting.R’
  Running ‘package-retry-behavior.R’
  Running ‘package-smoke.R’
  Running ‘package-staged-diagnostics.R’
  Running ‘package-standard-methods.R’
  Running ‘package-stationarity-validity.R’
  Running ‘package-tuple-keys.R’
  Running ‘package-uncertainty.R’
  Running ‘package-user-interface.R’
  Running ‘package-visualizations.R’
* checking for unstated dependencies in vignettes ... OK
* checking package vignettes ... OK
* checking re-building of vignette outputs ... OK
* checking PDF version of manual ... OK
* DONE
Status: OK
